Analysis & Synthesis report for E3_Quartus
Thu Apr 07 21:45:55 2022
Quartus Prime Version 17.1.1 Internal Build 593 12/11/2017 SJ Lite Edition


---------------------
; Table of Contents ;
---------------------
  1. Legal Notice
  2. Analysis & Synthesis Summary
  3. Analysis & Synthesis Settings
  4. Parallel Compilation
  5. Analysis & Synthesis Source Files Read
  6. Analysis & Synthesis Resource Usage Summary
  7. Analysis & Synthesis Resource Utilization by Entity
  8. Registers Removed During Synthesis
  9. General Register Statistics
 10. Multiplexer Restructuring Statistics (Restructuring Performed)
 11. Parameter Settings for User Entity Instance: Top-level Entity: |CIC_wrap
 12. Parameter Settings for User Entity Instance: CIC:cic
 13. Parameter Settings for User Entity Instance: CIC:cic|CIC_pc:cic1
 14. Parameter Settings for User Entity Instance: CIC:cic|CIC_pc:cic1|COMB:comb1
 15. Parameter Settings for User Entity Instance: CIC:cic|CIC_pc:cic1|COMB:comb2
 16. Parameter Settings for User Entity Instance: CIC:cic|CIC_pc:cic1|COMB:comb3
 17. Parameter Settings for User Entity Instance: CIC:cic|CIC_pc:cic1|R_INT:RINT
 18. Parameter Settings for User Entity Instance: CIC:cic|CIC_pc:cic1|INT:int1
 19. Parameter Settings for User Entity Instance: CIC:cic|CIC_pc:cic1|INT:int2
 20. Parameter Settings for User Entity Instance: CIC:cic|CIC_pc:cic1|INT:int3
 21. Port Connectivity Checks: "CIC:cic|CIC_pc:cic1"
 22. Post-Synthesis Netlist Statistics for Top Partition
 23. Elapsed Time Per Partition
 24. Analysis & Synthesis Messages



----------------
; Legal Notice ;
----------------
Copyright (C) 2017  Intel Corporation. All rights reserved.
Your use of Intel Corporation's design tools, logic functions 
and other software and tools, and its AMPP partner logic 
functions, and any output files from any of the foregoing 
(including device programming or simulation files), and any 
associated documentation or information are expressly subject 
to the terms and conditions of the Intel Program License 
Subscription Agreement, the Intel Quartus Prime License Agreement,
the Intel FPGA IP License Agreement, or other applicable license
agreement, including, without limitation, that your use is for
the sole purpose of programming logic devices manufactured by
Intel and sold by Intel or its authorized distributors.  Please
refer to the applicable agreement for further details.



+-------------------------------------------------------------------------------------------+
; Analysis & Synthesis Summary                                                              ;
+------------------------------------+------------------------------------------------------+
; Analysis & Synthesis Status        ; Successful - Thu Apr 07 21:45:55 2022                ;
; Quartus Prime Version              ; 17.1.1 Internal Build 593 12/11/2017 SJ Lite Edition ;
; Revision Name                      ; E3_Quartus                                           ;
; Top-level Entity Name              ; CIC_wrap                                             ;
; Family                             ; Cyclone IV E                                         ;
; Total logic elements               ; 283                                                  ;
;     Total combinational functions  ; 249                                                  ;
;     Dedicated logic registers      ; 278                                                  ;
; Total registers                    ; 278                                                  ;
; Total pins                         ; 36                                                   ;
; Total virtual pins                 ; 0                                                    ;
; Total memory bits                  ; 0                                                    ;
; Embedded Multiplier 9-bit elements ; 0                                                    ;
; Total PLLs                         ; 0                                                    ;
+------------------------------------+------------------------------------------------------+


+----------------------------------------------------------------------------------------------------------------------+
; Analysis & Synthesis Settings                                                                                        ;
+----------------------------------------------------------------------------+--------------------+--------------------+
; Option                                                                     ; Setting            ; Default Value      ;
+----------------------------------------------------------------------------+--------------------+--------------------+
; Top-level entity name                                                      ; CIC_wrap           ; E3_Quartus         ;
; Family name                                                                ; Cyclone IV E       ; Cyclone V          ;
; Use smart compilation                                                      ; Off                ; Off                ;
; Enable parallel Assembler and TimeQuest Timing Analyzer during compilation ; On                 ; On                 ;
; Enable compact report table                                                ; Off                ; Off                ;
; Restructure Multiplexers                                                   ; Auto               ; Auto               ;
; Create Debugging Nodes for IP Cores                                        ; Off                ; Off                ;
; Preserve fewer node names                                                  ; On                 ; On                 ;
; Intel FPGA IP Evaluation Mode                                              ; Enable             ; Enable             ;
; Verilog Version                                                            ; Verilog_2001       ; Verilog_2001       ;
; VHDL Version                                                               ; VHDL_1993          ; VHDL_1993          ;
; State Machine Processing                                                   ; Auto               ; Auto               ;
; Safe State Machine                                                         ; Off                ; Off                ;
; Extract Verilog State Machines                                             ; On                 ; On                 ;
; Extract VHDL State Machines                                                ; On                 ; On                 ;
; Ignore Verilog initial constructs                                          ; Off                ; Off                ;
; Iteration limit for constant Verilog loops                                 ; 5000               ; 5000               ;
; Iteration limit for non-constant Verilog loops                             ; 250                ; 250                ;
; Add Pass-Through Logic to Inferred RAMs                                    ; On                 ; On                 ;
; Infer RAMs from Raw Logic                                                  ; On                 ; On                 ;
; Parallel Synthesis                                                         ; On                 ; On                 ;
; DSP Block Balancing                                                        ; Auto               ; Auto               ;
; NOT Gate Push-Back                                                         ; On                 ; On                 ;
; Power-Up Don't Care                                                        ; On                 ; On                 ;
; Remove Redundant Logic Cells                                               ; Off                ; Off                ;
; Remove Duplicate Registers                                                 ; On                 ; On                 ;
; Ignore CARRY Buffers                                                       ; Off                ; Off                ;
; Ignore CASCADE Buffers                                                     ; Off                ; Off                ;
; Ignore GLOBAL Buffers                                                      ; Off                ; Off                ;
; Ignore ROW GLOBAL Buffers                                                  ; Off                ; Off                ;
; Ignore LCELL Buffers                                                       ; Off                ; Off                ;
; Ignore SOFT Buffers                                                        ; On                 ; On                 ;
; Limit AHDL Integers to 32 Bits                                             ; Off                ; Off                ;
; Optimization Technique                                                     ; Balanced           ; Balanced           ;
; Carry Chain Length                                                         ; 70                 ; 70                 ;
; Auto Carry Chains                                                          ; On                 ; On                 ;
; Auto Open-Drain Pins                                                       ; On                 ; On                 ;
; Perform WYSIWYG Primitive Resynthesis                                      ; Off                ; Off                ;
; Auto ROM Replacement                                                       ; On                 ; On                 ;
; Auto RAM Replacement                                                       ; On                 ; On                 ;
; Auto DSP Block Replacement                                                 ; On                 ; On                 ;
; Auto Shift Register Replacement                                            ; Auto               ; Auto               ;
; Allow Shift Register Merging across Hierarchies                            ; Auto               ; Auto               ;
; Auto Clock Enable Replacement                                              ; On                 ; On                 ;
; Strict RAM Replacement                                                     ; Off                ; Off                ;
; Allow Synchronous Control Signals                                          ; On                 ; On                 ;
; Force Use of Synchronous Clear Signals                                     ; Off                ; Off                ;
; Auto RAM Block Balancing                                                   ; On                 ; On                 ;
; Auto RAM to Logic Cell Conversion                                          ; Off                ; Off                ;
; Auto Resource Sharing                                                      ; Off                ; Off                ;
; Allow Any RAM Size For Recognition                                         ; Off                ; Off                ;
; Allow Any ROM Size For Recognition                                         ; Off                ; Off                ;
; Allow Any Shift Register Size For Recognition                              ; Off                ; Off                ;
; Use LogicLock Constraints during Resource Balancing                        ; On                 ; On                 ;
; Ignore translate_off and synthesis_off directives                          ; Off                ; Off                ;
; Timing-Driven Synthesis                                                    ; On                 ; On                 ;
; Report Parameter Settings                                                  ; On                 ; On                 ;
; Report Source Assignments                                                  ; On                 ; On                 ;
; Report Connectivity Checks                                                 ; On                 ; On                 ;
; Ignore Maximum Fan-Out Assignments                                         ; Off                ; Off                ;
; Synchronization Register Chain Length                                      ; 2                  ; 2                  ;
; Power Optimization During Synthesis                                        ; Normal compilation ; Normal compilation ;
; HDL message level                                                          ; Level2             ; Level2             ;
; Suppress Register Optimization Related Messages                            ; Off                ; Off                ;
; Number of Removed Registers Reported in Synthesis Report                   ; 5000               ; 5000               ;
; Number of Swept Nodes Reported in Synthesis Report                         ; 5000               ; 5000               ;
; Number of Inverted Registers Reported in Synthesis Report                  ; 100                ; 100                ;
; Clock MUX Protection                                                       ; On                 ; On                 ;
; Auto Gated Clock Conversion                                                ; Off                ; Off                ;
; Block Design Naming                                                        ; Auto               ; Auto               ;
; SDC constraint protection                                                  ; Off                ; Off                ;
; Synthesis Effort                                                           ; Auto               ; Auto               ;
; Shift Register Replacement - Allow Asynchronous Clear Signal               ; On                 ; On                 ;
; Pre-Mapping Resynthesis Optimization                                       ; Off                ; Off                ;
; Analysis & Synthesis Message Level                                         ; Medium             ; Medium             ;
; Disable Register Merging Across Hierarchies                                ; Auto               ; Auto               ;
; Resource Aware Inference For Block RAM                                     ; On                 ; On                 ;
+----------------------------------------------------------------------------+--------------------+--------------------+


+------------------------------------------+
; Parallel Compilation                     ;
+----------------------------+-------------+
; Processors                 ; Number      ;
+----------------------------+-------------+
; Number detected on machine ; 8           ;
; Maximum allowed            ; 4           ;
;                            ;             ;
; Average used               ; 1.00        ;
; Maximum used               ; 4           ;
;                            ;             ;
; Usage by Processor         ; % Time Used ;
;     Processor 1            ; 100.0%      ;
;     Processor 2            ;   0.0%      ;
;     Processors 3-4         ;   0.0%      ;
+----------------------------+-------------+


+-----------------------------------------------------------------------------------------------------------------------------------------+
; Analysis & Synthesis Source Files Read                                                                                                  ;
+----------------------------------+-----------------+------------------------+-------------------------------------------------+---------+
; File Name with User-Entered Path ; Used in Netlist ; File Type              ; File Name with Absolute Path                    ; Library ;
+----------------------------------+-----------------+------------------------+-------------------------------------------------+---------+
; CIC_wrap.v                       ; yes             ; User Verilog HDL File  ; C:/Users/elnes/Desktop/E3/E3_Quartus/CIC_wrap.v ;         ;
; CIC_pc.v                         ; yes             ; User Verilog HDL File  ; C:/Users/elnes/Desktop/E3/E3_Quartus/CIC_pc.v   ;         ;
; R_INT.v                          ; yes             ; User Verilog HDL File  ; C:/Users/elnes/Desktop/E3/E3_Quartus/R_INT.v    ;         ;
; INT.v                            ; yes             ; User Verilog HDL File  ; C:/Users/elnes/Desktop/E3/E3_Quartus/INT.v      ;         ;
; COMB.v                           ; yes             ; User Verilog HDL File  ; C:/Users/elnes/Desktop/E3/E3_Quartus/COMB.v     ;         ;
; CIC.v                            ; yes             ; User Verilog HDL File  ; C:/Users/elnes/Desktop/E3/E3_Quartus/CIC.v      ;         ;
+----------------------------------+-----------------+------------------------+-------------------------------------------------+---------+


+---------------------------------------------------------+
; Analysis & Synthesis Resource Usage Summary             ;
+---------------------------------------------+-----------+
; Resource                                    ; Usage     ;
+---------------------------------------------+-----------+
; Estimated Total logic elements              ; 283       ;
;                                             ;           ;
; Total combinational functions               ; 249       ;
; Logic element usage by number of LUT inputs ;           ;
;     -- 4 input functions                    ; 0         ;
;     -- 3 input functions                    ; 181       ;
;     -- <=2 input functions                  ; 68        ;
;                                             ;           ;
; Logic elements by mode                      ;           ;
;     -- normal mode                          ; 87        ;
;     -- arithmetic mode                      ; 162       ;
;                                             ;           ;
; Total registers                             ; 278       ;
;     -- Dedicated logic registers            ; 278       ;
;     -- I/O registers                        ; 0         ;
;                                             ;           ;
; I/O pins                                    ; 36        ;
;                                             ;           ;
; Embedded Multiplier 9-bit elements          ; 0         ;
;                                             ;           ;
; Maximum fan-out node                        ; clk~input ;
; Maximum fan-out                             ; 278       ;
; Total fan-out                               ; 1636      ;
; Average fan-out                             ; 2.73      ;
+---------------------------------------------+-----------+


+-------------------------------------------------------------------------------------------------------------------------------------------------------------------------------------------------------------------------------+
; Analysis & Synthesis Resource Utilization by Entity                                                                                                                                                                           ;
+----------------------------+---------------------+---------------------------+-------------+--------------+---------+-----------+------+--------------+------------------------------------------+-------------+--------------+
; Compilation Hierarchy Node ; Combinational ALUTs ; Dedicated Logic Registers ; Memory Bits ; DSP Elements ; DSP 9x9 ; DSP 18x18 ; Pins ; Virtual Pins ; Full Hierarchy Name                      ; Entity Name ; Library Name ;
+----------------------------+---------------------+---------------------------+-------------+--------------+---------+-----------+------+--------------+------------------------------------------+-------------+--------------+
; |CIC_wrap                  ; 249 (0)             ; 278 (34)                  ; 0           ; 0            ; 0       ; 0         ; 36   ; 0            ; |CIC_wrap                                ; CIC_wrap    ; work         ;
;    |CIC:cic|               ; 249 (0)             ; 244 (0)                   ; 0           ; 0            ; 0       ; 0         ; 0    ; 0            ; |CIC_wrap|CIC:cic                        ; CIC         ; work         ;
;       |CIC_pc:cic1|        ; 249 (0)             ; 244 (0)                   ; 0           ; 0            ; 0       ; 0         ; 0    ; 0            ; |CIC_wrap|CIC:cic|CIC_pc:cic1            ; CIC_pc      ; work         ;
;          |COMB:comb1|      ; 35 (35)             ; 34 (34)                   ; 0           ; 0            ; 0       ; 0         ; 0    ; 0            ; |CIC_wrap|CIC:cic|CIC_pc:cic1|COMB:comb1 ; COMB        ; work         ;
;          |COMB:comb2|      ; 37 (37)             ; 36 (36)                   ; 0           ; 0            ; 0       ; 0         ; 0    ; 0            ; |CIC_wrap|CIC:cic|CIC_pc:cic1|COMB:comb2 ; COMB        ; work         ;
;          |COMB:comb3|      ; 39 (39)             ; 38 (38)                   ; 0           ; 0            ; 0       ; 0         ; 0    ; 0            ; |CIC_wrap|CIC:cic|CIC_pc:cic1|COMB:comb3 ; COMB        ; work         ;
;          |INT:int1|        ; 39 (39)             ; 39 (39)                   ; 0           ; 0            ; 0       ; 0         ; 0    ; 0            ; |CIC_wrap|CIC:cic|CIC_pc:cic1|INT:int1   ; INT         ; work         ;
;          |INT:int2|        ; 40 (40)             ; 39 (39)                   ; 0           ; 0            ; 0       ; 0         ; 0    ; 0            ; |CIC_wrap|CIC:cic|CIC_pc:cic1|INT:int2   ; INT         ; work         ;
;          |INT:int3|        ; 40 (40)             ; 39 (39)                   ; 0           ; 0            ; 0       ; 0         ; 0    ; 0            ; |CIC_wrap|CIC:cic|CIC_pc:cic1|INT:int3   ; INT         ; work         ;
;          |R_INT:RINT|      ; 19 (19)             ; 19 (19)                   ; 0           ; 0            ; 0       ; 0         ; 0    ; 0            ; |CIC_wrap|CIC:cic|CIC_pc:cic1|R_INT:RINT ; R_INT       ; work         ;
+----------------------------+---------------------+---------------------------+-------------+--------------+---------+-----------+------+--------------+------------------------------------------+-------------+--------------+
Note: For table entries with two numbers listed, the numbers in parentheses indicate the number of resources of the given type used by the specific entity alone. The numbers listed outside of parentheses indicate the total resources of the given type used by the specific entity and all of its sub-entities in the hierarchy.


+---------------------------------------------------------------------------------+
; Registers Removed During Synthesis                                              ;
+----------------------------------------+----------------------------------------+
; Register name                          ; Reason for Removal                     ;
+----------------------------------------+----------------------------------------+
; CIC:cic|CIC_pc:cic1|R_INT:RINT|val_out ; Stuck at VCC due to stuck port data_in ;
; Total Number of Removed Registers = 1  ;                                        ;
+----------------------------------------+----------------------------------------+


+------------------------------------------------------+
; General Register Statistics                          ;
+----------------------------------------------+-------+
; Statistic                                    ; Value ;
+----------------------------------------------+-------+
; Total registers                              ; 278   ;
; Number of registers using Synchronous Clear  ; 168   ;
; Number of registers using Synchronous Load   ; 0     ;
; Number of registers using Asynchronous Clear ; 0     ;
; Number of registers using Asynchronous Load  ; 0     ;
; Number of registers using Clock Enable       ; 181   ;
; Number of registers using Preset             ; 0     ;
+----------------------------------------------+-------+


+---------------------------------------------------------------------------------------------------------------------------------------------------------------------+
; Multiplexer Restructuring Statistics (Restructuring Performed)                                                                                                      ;
+--------------------+-----------+---------------+----------------------+------------------------+------------+-------------------------------------------------------+
; Multiplexer Inputs ; Bus Width ; Baseline Area ; Area if Restructured ; Saving if Restructured ; Registered ; Example Multiplexer Output                            ;
+--------------------+-----------+---------------+----------------------+------------------------+------------+-------------------------------------------------------+
; 3:1                ; 38 bits   ; 76 LEs        ; 38 LEs               ; 38 LEs                 ; Yes        ; |CIC_wrap|CIC:cic|CIC_pc:cic1|INT:int3|data_out[15]   ;
; 3:1                ; 38 bits   ; 76 LEs        ; 38 LEs               ; 38 LEs                 ; Yes        ; |CIC_wrap|CIC:cic|CIC_pc:cic1|INT:int2|data_out[22]   ;
; 3:1                ; 19 bits   ; 38 LEs        ; 19 LEs               ; 19 LEs                 ; Yes        ; |CIC_wrap|CIC:cic|CIC_pc:cic1|R_INT:RINT|data_out[15] ;
; 3:1                ; 37 bits   ; 74 LEs        ; 37 LEs               ; 37 LEs                 ; Yes        ; |CIC_wrap|CIC:cic|CIC_pc:cic1|COMB:comb3|data_out[16] ;
; 3:1                ; 35 bits   ; 70 LEs        ; 35 LEs               ; 35 LEs                 ; Yes        ; |CIC_wrap|CIC:cic|CIC_pc:cic1|COMB:comb2|data_out[17] ;
; 3:1                ; 33 bits   ; 66 LEs        ; 33 LEs               ; 33 LEs                 ; Yes        ; |CIC_wrap|CIC:cic|CIC_pc:cic1|COMB:comb1|data_out[15] ;
+--------------------+-----------+---------------+----------------------+------------------------+------------+-------------------------------------------------------+


+--------------------------------------------------------------------------+
; Parameter Settings for User Entity Instance: Top-level Entity: |CIC_wrap ;
+----------------+-------+-------------------------------------------------+
; Parameter Name ; Value ; Type                                            ;
+----------------+-------+-------------------------------------------------+
; Win            ; 16    ; Signed Integer                                  ;
; Wg             ; 22    ; Signed Integer                                  ;
+----------------+-------+-------------------------------------------------+
Note: In order to hide this table in the UI and the text report file, please set the "Show Parameter Settings in Synthesis Report" option in "Analysis and Synthesis Settings -> More Settings" to "Off".


+------------------------------------------------------+
; Parameter Settings for User Entity Instance: CIC:cic ;
+----------------+-------+-----------------------------+
; Parameter Name ; Value ; Type                        ;
+----------------+-------+-----------------------------+
; Win            ; 16    ; Signed Integer              ;
; Wg             ; 22    ; Signed Integer              ;
+----------------+-------+-----------------------------+
Note: In order to hide this table in the UI and the text report file, please set the "Show Parameter Settings in Synthesis Report" option in "Analysis and Synthesis Settings -> More Settings" to "Off".


+------------------------------------------------------------------+
; Parameter Settings for User Entity Instance: CIC:cic|CIC_pc:cic1 ;
+----------------+-------+-----------------------------------------+
; Parameter Name ; Value ; Type                                    ;
+----------------+-------+-----------------------------------------+
; Win            ; 16    ; Signed Integer                          ;
; Wg             ; 22    ; Signed Integer                          ;
+----------------+-------+-----------------------------------------+
Note: In order to hide this table in the UI and the text report file, please set the "Show Parameter Settings in Synthesis Report" option in "Analysis and Synthesis Settings -> More Settings" to "Off".


+-----------------------------------------------------------------------------+
; Parameter Settings for User Entity Instance: CIC:cic|CIC_pc:cic1|COMB:comb1 ;
+----------------+-------+----------------------------------------------------+
; Parameter Name ; Value ; Type                                               ;
+----------------+-------+----------------------------------------------------+
; Win            ; 16    ; Signed Integer                                     ;
+----------------+-------+----------------------------------------------------+
Note: In order to hide this table in the UI and the text report file, please set the "Show Parameter Settings in Synthesis Report" option in "Analysis and Synthesis Settings -> More Settings" to "Off".


+-----------------------------------------------------------------------------+
; Parameter Settings for User Entity Instance: CIC:cic|CIC_pc:cic1|COMB:comb2 ;
+----------------+-------+----------------------------------------------------+
; Parameter Name ; Value ; Type                                               ;
+----------------+-------+----------------------------------------------------+
; Win            ; 17    ; Signed Integer                                     ;
+----------------+-------+----------------------------------------------------+
Note: In order to hide this table in the UI and the text report file, please set the "Show Parameter Settings in Synthesis Report" option in "Analysis and Synthesis Settings -> More Settings" to "Off".


+-----------------------------------------------------------------------------+
; Parameter Settings for User Entity Instance: CIC:cic|CIC_pc:cic1|COMB:comb3 ;
+----------------+-------+----------------------------------------------------+
; Parameter Name ; Value ; Type                                               ;
+----------------+-------+----------------------------------------------------+
; Win            ; 18    ; Signed Integer                                     ;
+----------------+-------+----------------------------------------------------+
Note: In order to hide this table in the UI and the text report file, please set the "Show Parameter Settings in Synthesis Report" option in "Analysis and Synthesis Settings -> More Settings" to "Off".


+-----------------------------------------------------------------------------+
; Parameter Settings for User Entity Instance: CIC:cic|CIC_pc:cic1|R_INT:RINT ;
+----------------+-------+----------------------------------------------------+
; Parameter Name ; Value ; Type                                               ;
+----------------+-------+----------------------------------------------------+
; Win            ; 19    ; Signed Integer                                     ;
+----------------+-------+----------------------------------------------------+
Note: In order to hide this table in the UI and the text report file, please set the "Show Parameter Settings in Synthesis Report" option in "Analysis and Synthesis Settings -> More Settings" to "Off".


+---------------------------------------------------------------------------+
; Parameter Settings for User Entity Instance: CIC:cic|CIC_pc:cic1|INT:int1 ;
+----------------+-------+--------------------------------------------------+
; Parameter Name ; Value ; Type                                             ;
+----------------+-------+--------------------------------------------------+
; Win            ; 38    ; Signed Integer                                   ;
; Wg             ; 0     ; Signed Integer                                   ;
+----------------+-------+--------------------------------------------------+
Note: In order to hide this table in the UI and the text report file, please set the "Show Parameter Settings in Synthesis Report" option in "Analysis and Synthesis Settings -> More Settings" to "Off".


+---------------------------------------------------------------------------+
; Parameter Settings for User Entity Instance: CIC:cic|CIC_pc:cic1|INT:int2 ;
+----------------+-------+--------------------------------------------------+
; Parameter Name ; Value ; Type                                             ;
+----------------+-------+--------------------------------------------------+
; Win            ; 38    ; Signed Integer                                   ;
; Wg             ; 0     ; Signed Integer                                   ;
+----------------+-------+--------------------------------------------------+
Note: In order to hide this table in the UI and the text report file, please set the "Show Parameter Settings in Synthesis Report" option in "Analysis and Synthesis Settings -> More Settings" to "Off".


+---------------------------------------------------------------------------+
; Parameter Settings for User Entity Instance: CIC:cic|CIC_pc:cic1|INT:int3 ;
+----------------+-------+--------------------------------------------------+
; Parameter Name ; Value ; Type                                             ;
+----------------+-------+--------------------------------------------------+
; Win            ; 38    ; Signed Integer                                   ;
; Wg             ; 0     ; Signed Integer                                   ;
+----------------+-------+--------------------------------------------------+
Note: In order to hide this table in the UI and the text report file, please set the "Show Parameter Settings in Synthesis Report" option in "Analysis and Synthesis Settings -> More Settings" to "Off".


+-------------------------------------------------------------------------------------------------------------------------+
; Port Connectivity Checks: "CIC:cic|CIC_pc:cic1"                                                                         ;
+---------------+--------+----------+-------------------------------------------------------------------------------------+
; Port          ; Type   ; Severity ; Details                                                                             ;
+---------------+--------+----------+-------------------------------------------------------------------------------------+
; o_data[21..0] ; Output ; Info     ; Connected to dangling logic. Logic that only feeds a dangling port will be removed. ;
+---------------+--------+----------+-------------------------------------------------------------------------------------+


+-----------------------------------------------------+
; Post-Synthesis Netlist Statistics for Top Partition ;
+-----------------------+-----------------------------+
; Type                  ; Count                       ;
+-----------------------+-----------------------------+
; boundary_port         ; 36                          ;
; cycloneiii_ff         ; 278                         ;
;     ENA               ; 51                          ;
;     ENA SCLR          ; 130                         ;
;     SCLR              ; 38                          ;
;     plain             ; 59                          ;
; cycloneiii_lcell_comb ; 249                         ;
;     arith             ; 162                         ;
;         3 data inputs ; 162                         ;
;     normal            ; 87                          ;
;         1 data inputs ; 1                           ;
;         2 data inputs ; 67                          ;
;         3 data inputs ; 19                          ;
;                       ;                             ;
; Max LUT depth         ; 4.70                        ;
; Average LUT depth     ; 2.52                        ;
+-----------------------+-----------------------------+


+-------------------------------+
; Elapsed Time Per Partition    ;
+----------------+--------------+
; Partition Name ; Elapsed Time ;
+----------------+--------------+
; Top            ; 00:00:00     ;
+----------------+--------------+


+-------------------------------+
; Analysis & Synthesis Messages ;
+-------------------------------+
Info: *******************************************************************
Info: Running Quartus Prime Analysis & Synthesis
    Info: Version 17.1.1 Internal Build 593 12/11/2017 SJ Lite Edition
    Info: Processing started: Thu Apr 07 21:45:42 2022
Info: Command: quartus_map --read_settings_files=on --write_settings_files=off E3_Quartus -c E3_Quartus
Warning (18236): Number of processors has not been specified which may cause overloading on shared machines.  Set the global assignment NUM_PARALLEL_PROCESSORS in your QSF to an appropriate value for best performance.
Info (20030): Parallel compilation is enabled and will use 4 of the 4 processors detected
Info (12021): Found 1 design units, including 1 entities, in source file cic_wrap.v
    Info (12023): Found entity 1: CIC_wrap File: C:/Users/elnes/Desktop/E3/E3_Quartus/CIC_wrap.v Line: 1
Info (12021): Found 1 design units, including 1 entities, in source file cic_pc.v
    Info (12023): Found entity 1: CIC_pc File: C:/Users/elnes/Desktop/E3/E3_Quartus/CIC_pc.v Line: 1
Info (12021): Found 1 design units, including 1 entities, in source file r_int.v
    Info (12023): Found entity 1: R_INT File: C:/Users/elnes/Desktop/E3/E3_Quartus/R_INT.v Line: 1
Info (12021): Found 1 design units, including 1 entities, in source file int.v
    Info (12023): Found entity 1: INT File: C:/Users/elnes/Desktop/E3/E3_Quartus/INT.v Line: 2
Info (12021): Found 1 design units, including 1 entities, in source file comb.v
    Info (12023): Found entity 1: COMB File: C:/Users/elnes/Desktop/E3/E3_Quartus/COMB.v Line: 1
Info (12021): Found 1 design units, including 1 entities, in source file cic.v
    Info (12023): Found entity 1: CIC File: C:/Users/elnes/Desktop/E3/E3_Quartus/CIC.v Line: 1
Info (12127): Elaborating entity "CIC_wrap" for the top level hierarchy
Warning (10036): Verilog HDL or VHDL warning at CIC_wrap.v(14): object "rst_reg" assigned a value but never read File: C:/Users/elnes/Desktop/E3/E3_Quartus/CIC_wrap.v Line: 14
Info (12128): Elaborating entity "CIC" for hierarchy "CIC:cic" File: C:/Users/elnes/Desktop/E3/E3_Quartus/CIC_wrap.v Line: 32
Info (12128): Elaborating entity "CIC_pc" for hierarchy "CIC:cic|CIC_pc:cic1" File: C:/Users/elnes/Desktop/E3/E3_Quartus/CIC.v Line: 20
Info (12128): Elaborating entity "COMB" for hierarchy "CIC:cic|CIC_pc:cic1|COMB:comb1" File: C:/Users/elnes/Desktop/E3/E3_Quartus/CIC_pc.v Line: 35
Info (12128): Elaborating entity "COMB" for hierarchy "CIC:cic|CIC_pc:cic1|COMB:comb2" File: C:/Users/elnes/Desktop/E3/E3_Quartus/CIC_pc.v Line: 42
Info (12128): Elaborating entity "COMB" for hierarchy "CIC:cic|CIC_pc:cic1|COMB:comb3" File: C:/Users/elnes/Desktop/E3/E3_Quartus/CIC_pc.v Line: 49
Info (12128): Elaborating entity "R_INT" for hierarchy "CIC:cic|CIC_pc:cic1|R_INT:RINT" File: C:/Users/elnes/Desktop/E3/E3_Quartus/CIC_pc.v Line: 64
Info (12128): Elaborating entity "INT" for hierarchy "CIC:cic|CIC_pc:cic1|INT:int1" File: C:/Users/elnes/Desktop/E3/E3_Quartus/CIC_pc.v Line: 72
Info (286030): Timing-Driven Synthesis is running
Info (16010): Generating hard_block partition "hard_block:auto_generated_inst"
    Info (16011): Adding 0 node(s), including 0 DDIO, 0 PLL, 0 transceiver and 0 LCELL
Info (21057): Implemented 319 device resources after synthesis - the final resource count might be different
    Info (21058): Implemented 19 input pins
    Info (21059): Implemented 17 output pins
    Info (21061): Implemented 283 logic cells
Info: Quartus Prime Analysis & Synthesis was successful. 0 errors, 2 warnings
    Info: Peak virtual memory: 4775 megabytes
    Info: Processing ended: Thu Apr 07 21:45:55 2022
    Info: Elapsed time: 00:00:13
    Info: Total CPU time (on all processors): 00:00:28


