Analysis & Synthesis report for SEC_FILTER
Wed May 11 11:35:59 2022
Quartus Prime Version 17.1.0 Build 590 10/25/2017 SJ Lite Edition


---------------------
; Table of Contents ;
---------------------
  1. Legal Notice
  2. Analysis & Synthesis Summary
  3. Analysis & Synthesis Settings
  4. Parallel Compilation
  5. Analysis & Synthesis Source Files Read
  6. Analysis & Synthesis Resource Usage Summary
  7. Analysis & Synthesis Resource Utilization by Entity
  8. Analysis & Synthesis DSP Block Usage Summary
  9. State Machine - |SEC_FILTER|CONTROL:dut1|state
 10. Registers Removed During Synthesis
 11. General Register Statistics
 12. Multiplexer Restructuring Statistics (Restructuring Performed)
 13. Parameter Settings for User Entity Instance: Top-level Entity: |SEC_FILTER
 14. Parameter Settings for User Entity Instance: CONTROL:dut1
 15. Parameter Settings for User Entity Instance: REG_MUX:regMux
 16. Parameter Settings for User Entity Instance: ROM:rom
 17. Parameter Settings for User Entity Instance: MULT_ACC:multAcc
 18. Parameter Settings for Inferred Entity Instance: MULT_ACC:multAcc|lpm_mult:Mult0
 19. lpm_mult Parameter Settings by Entity Instance
 20. Port Connectivity Checks: "MULT_ACC:multAcc"
 21. Post-Synthesis Netlist Statistics for Top Partition
 22. Elapsed Time Per Partition
 23. Analysis & Synthesis Messages



----------------
; Legal Notice ;
----------------
Copyright (C) 2017  Intel Corporation. All rights reserved.
Your use of Intel Corporation's design tools, logic functions 
and other software and tools, and its AMPP partner logic 
functions, and any output files from any of the foregoing 
(including device programming or simulation files), and any 
associated documentation or information are expressly subject 
to the terms and conditions of the Intel Program License 
Subscription Agreement, the Intel Quartus Prime License Agreement,
the Intel FPGA IP License Agreement, or other applicable license
agreement, including, without limitation, that your use is for
the sole purpose of programming logic devices manufactured by
Intel and sold by Intel or its authorized distributors.  Please
refer to the applicable agreement for further details.



+----------------------------------------------------------------------------------+
; Analysis & Synthesis Summary                                                     ;
+------------------------------------+---------------------------------------------+
; Analysis & Synthesis Status        ; Successful - Wed May 11 11:35:59 2022       ;
; Quartus Prime Version              ; 17.1.0 Build 590 10/25/2017 SJ Lite Edition ;
; Revision Name                      ; SEC_FILTER                                  ;
; Top-level Entity Name              ; SEC_FILTER                                  ;
; Family                             ; Cyclone IV E                                ;
; Total logic elements               ; 598                                         ;
;     Total combinational functions  ; 225                                         ;
;     Dedicated logic registers      ; 449                                         ;
; Total registers                    ; 449                                         ;
; Total pins                         ; 39                                          ;
; Total virtual pins                 ; 0                                           ;
; Total memory bits                  ; 0                                           ;
; Embedded Multiplier 9-bit elements ; 2                                           ;
; Total PLLs                         ; 0                                           ;
+------------------------------------+---------------------------------------------+


+----------------------------------------------------------------------------------------------------------------------+
; Analysis & Synthesis Settings                                                                                        ;
+----------------------------------------------------------------------------+--------------------+--------------------+
; Option                                                                     ; Setting            ; Default Value      ;
+----------------------------------------------------------------------------+--------------------+--------------------+
; Top-level entity name                                                      ; SEC_FILTER         ; SEC_FILTER         ;
; Family name                                                                ; Cyclone IV E       ; Cyclone V          ;
; Use smart compilation                                                      ; Off                ; Off                ;
; Enable parallel Assembler and TimeQuest Timing Analyzer during compilation ; On                 ; On                 ;
; Enable compact report table                                                ; Off                ; Off                ;
; Restructure Multiplexers                                                   ; Auto               ; Auto               ;
; Create Debugging Nodes for IP Cores                                        ; Off                ; Off                ;
; Preserve fewer node names                                                  ; On                 ; On                 ;
; Intel FPGA IP Evaluation Mode                                              ; Enable             ; Enable             ;
; Verilog Version                                                            ; Verilog_2001       ; Verilog_2001       ;
; VHDL Version                                                               ; VHDL_1993          ; VHDL_1993          ;
; State Machine Processing                                                   ; Auto               ; Auto               ;
; Safe State Machine                                                         ; Off                ; Off                ;
; Extract Verilog State Machines                                             ; On                 ; On                 ;
; Extract VHDL State Machines                                                ; On                 ; On                 ;
; Ignore Verilog initial constructs                                          ; Off                ; Off                ;
; Iteration limit for constant Verilog loops                                 ; 5000               ; 5000               ;
; Iteration limit for non-constant Verilog loops                             ; 250                ; 250                ;
; Add Pass-Through Logic to Inferred RAMs                                    ; On                 ; On                 ;
; Infer RAMs from Raw Logic                                                  ; On                 ; On                 ;
; Parallel Synthesis                                                         ; On                 ; On                 ;
; DSP Block Balancing                                                        ; Auto               ; Auto               ;
; NOT Gate Push-Back                                                         ; On                 ; On                 ;
; Power-Up Don't Care                                                        ; On                 ; On                 ;
; Remove Redundant Logic Cells                                               ; Off                ; Off                ;
; Remove Duplicate Registers                                                 ; On                 ; On                 ;
; Ignore CARRY Buffers                                                       ; Off                ; Off                ;
; Ignore CASCADE Buffers                                                     ; Off                ; Off                ;
; Ignore GLOBAL Buffers                                                      ; Off                ; Off                ;
; Ignore ROW GLOBAL Buffers                                                  ; Off                ; Off                ;
; Ignore LCELL Buffers                                                       ; Off                ; Off                ;
; Ignore SOFT Buffers                                                        ; On                 ; On                 ;
; Limit AHDL Integers to 32 Bits                                             ; Off                ; Off                ;
; Optimization Technique                                                     ; Balanced           ; Balanced           ;
; Carry Chain Length                                                         ; 70                 ; 70                 ;
; Auto Carry Chains                                                          ; On                 ; On                 ;
; Auto Open-Drain Pins                                                       ; On                 ; On                 ;
; Perform WYSIWYG Primitive Resynthesis                                      ; Off                ; Off                ;
; Auto ROM Replacement                                                       ; On                 ; On                 ;
; Auto RAM Replacement                                                       ; On                 ; On                 ;
; Auto DSP Block Replacement                                                 ; On                 ; On                 ;
; Auto Shift Register Replacement                                            ; Auto               ; Auto               ;
; Allow Shift Register Merging across Hierarchies                            ; Auto               ; Auto               ;
; Auto Clock Enable Replacement                                              ; On                 ; On                 ;
; Strict RAM Replacement                                                     ; Off                ; Off                ;
; Allow Synchronous Control Signals                                          ; On                 ; On                 ;
; Force Use of Synchronous Clear Signals                                     ; Off                ; Off                ;
; Auto RAM Block Balancing                                                   ; On                 ; On                 ;
; Auto RAM to Logic Cell Conversion                                          ; Off                ; Off                ;
; Auto Resource Sharing                                                      ; Off                ; Off                ;
; Allow Any RAM Size For Recognition                                         ; Off                ; Off                ;
; Allow Any ROM Size For Recognition                                         ; Off                ; Off                ;
; Allow Any Shift Register Size For Recognition                              ; Off                ; Off                ;
; Use LogicLock Constraints during Resource Balancing                        ; On                 ; On                 ;
; Ignore translate_off and synthesis_off directives                          ; Off                ; Off                ;
; Timing-Driven Synthesis                                                    ; On                 ; On                 ;
; Report Parameter Settings                                                  ; On                 ; On                 ;
; Report Source Assignments                                                  ; On                 ; On                 ;
; Report Connectivity Checks                                                 ; On                 ; On                 ;
; Ignore Maximum Fan-Out Assignments                                         ; Off                ; Off                ;
; Synchronization Register Chain Length                                      ; 2                  ; 2                  ;
; Power Optimization During Synthesis                                        ; Normal compilation ; Normal compilation ;
; HDL message level                                                          ; Level2             ; Level2             ;
; Suppress Register Optimization Related Messages                            ; Off                ; Off                ;
; Number of Removed Registers Reported in Synthesis Report                   ; 5000               ; 5000               ;
; Number of Swept Nodes Reported in Synthesis Report                         ; 5000               ; 5000               ;
; Number of Inverted Registers Reported in Synthesis Report                  ; 100                ; 100                ;
; Clock MUX Protection                                                       ; On                 ; On                 ;
; Auto Gated Clock Conversion                                                ; Off                ; Off                ;
; Block Design Naming                                                        ; Auto               ; Auto               ;
; SDC constraint protection                                                  ; Off                ; Off                ;
; Synthesis Effort                                                           ; Auto               ; Auto               ;
; Shift Register Replacement - Allow Asynchronous Clear Signal               ; On                 ; On                 ;
; Pre-Mapping Resynthesis Optimization                                       ; Off                ; Off                ;
; Analysis & Synthesis Message Level                                         ; Medium             ; Medium             ;
; Disable Register Merging Across Hierarchies                                ; Auto               ; Auto               ;
; Resource Aware Inference For Block RAM                                     ; On                 ; On                 ;
+----------------------------------------------------------------------------+--------------------+--------------------+


+------------------------------------------+
; Parallel Compilation                     ;
+----------------------------+-------------+
; Processors                 ; Number      ;
+----------------------------+-------------+
; Number detected on machine ; 4           ;
; Maximum allowed            ; 2           ;
;                            ;             ;
; Average used               ; 1.00        ;
; Maximum used               ; 2           ;
;                            ;             ;
; Usage by Processor         ; % Time Used ;
;     Processor 1            ; 100.0%      ;
;     Processor 2            ;   0.0%      ;
+----------------------------+-------------+


+---------------------------------------------------------------------------------------------------------------------------------------------------------------------------------------------+
; Analysis & Synthesis Source Files Read                                                                                                                                                      ;
+----------------------------------+-----------------+------------------------------+-----------------------------------------------------------------------------------------------+---------+
; File Name with User-Entered Path ; Used in Netlist ; File Type                    ; File Name with Absolute Path                                                                  ; Library ;
+----------------------------------+-----------------+------------------------------+-----------------------------------------------------------------------------------------------+---------+
; SEC_FILTER.v                     ; yes             ; User Verilog HDL File        ; C:/Users/Usuario/Desktop/Procesado_Digital_de_la_Senyal_en_FPGA/P4/E4_Quartus/SEC_FILTER.v    ;         ;
; ROM.v                            ; yes             ; User Verilog HDL File        ; C:/Users/Usuario/Desktop/Procesado_Digital_de_la_Senyal_en_FPGA/P4/E4_Quartus/ROM.v           ;         ;
; REG_MUX.v                        ; yes             ; User Verilog HDL File        ; C:/Users/Usuario/Desktop/Procesado_Digital_de_la_Senyal_en_FPGA/P4/E4_Quartus/REG_MUX.v       ;         ;
; MULT_ACC.v                       ; yes             ; User Verilog HDL File        ; C:/Users/Usuario/Desktop/Procesado_Digital_de_la_Senyal_en_FPGA/P4/E4_Quartus/MULT_ACC.v      ;         ;
; CONTROL.v                        ; yes             ; User Verilog HDL File        ; C:/Users/Usuario/Desktop/Procesado_Digital_de_la_Senyal_en_FPGA/P4/E4_Quartus/CONTROL.v       ;         ;
; coef.txt                         ; yes             ; Auto-Found File              ; C:/Users/Usuario/Desktop/Procesado_Digital_de_la_Senyal_en_FPGA/P4/E4_Quartus/coef.txt        ;         ;
; lpm_mult.tdf                     ; yes             ; Megafunction                 ; c:/intelfpga_lite/17.1/quartus/libraries/megafunctions/lpm_mult.tdf                           ;         ;
; aglobal171.inc                   ; yes             ; Megafunction                 ; c:/intelfpga_lite/17.1/quartus/libraries/megafunctions/aglobal171.inc                         ;         ;
; lpm_add_sub.inc                  ; yes             ; Megafunction                 ; c:/intelfpga_lite/17.1/quartus/libraries/megafunctions/lpm_add_sub.inc                        ;         ;
; multcore.inc                     ; yes             ; Megafunction                 ; c:/intelfpga_lite/17.1/quartus/libraries/megafunctions/multcore.inc                           ;         ;
; bypassff.inc                     ; yes             ; Megafunction                 ; c:/intelfpga_lite/17.1/quartus/libraries/megafunctions/bypassff.inc                           ;         ;
; altshift.inc                     ; yes             ; Megafunction                 ; c:/intelfpga_lite/17.1/quartus/libraries/megafunctions/altshift.inc                           ;         ;
; db/mult_86t.tdf                  ; yes             ; Auto-Generated Megafunction  ; C:/Users/Usuario/Desktop/Procesado_Digital_de_la_Senyal_en_FPGA/P4/E4_Quartus/db/mult_86t.tdf ;         ;
+----------------------------------+-----------------+------------------------------+-----------------------------------------------------------------------------------------------+---------+


+---------------------------------------------------------+
; Analysis & Synthesis Resource Usage Summary             ;
+---------------------------------------------+-----------+
; Resource                                    ; Usage     ;
+---------------------------------------------+-----------+
; Estimated Total logic elements              ; 598       ;
;                                             ;           ;
; Total combinational functions               ; 225       ;
; Logic element usage by number of LUT inputs ;           ;
;     -- 4 input functions                    ; 182       ;
;     -- 3 input functions                    ; 37        ;
;     -- <=2 input functions                  ; 6         ;
;                                             ;           ;
; Logic elements by mode                      ;           ;
;     -- normal mode                          ; 188       ;
;     -- arithmetic mode                      ; 37        ;
;                                             ;           ;
; Total registers                             ; 449       ;
;     -- Dedicated logic registers            ; 449       ;
;     -- I/O registers                        ; 0         ;
;                                             ;           ;
; I/O pins                                    ; 39        ;
;                                             ;           ;
; Embedded Multiplier 9-bit elements          ; 2         ;
;                                             ;           ;
; Maximum fan-out node                        ; clk~input ;
; Maximum fan-out                             ; 449       ;
; Total fan-out                               ; 2216      ;
; Average fan-out                             ; 2.94      ;
+---------------------------------------------+-----------+


+------------------------------------------------------------------------------------------------------------------------------------------------------------------------------------------------------------------------------------------------------------------+
; Analysis & Synthesis Resource Utilization by Entity                                                                                                                                                                                                              ;
+------------------------------------+---------------------+---------------------------+-------------+--------------+---------+-----------+------+--------------+---------------------------------------------------------------------+-------------+--------------+
; Compilation Hierarchy Node         ; Combinational ALUTs ; Dedicated Logic Registers ; Memory Bits ; DSP Elements ; DSP 9x9 ; DSP 18x18 ; Pins ; Virtual Pins ; Full Hierarchy Name                                                 ; Entity Name ; Library Name ;
+------------------------------------+---------------------+---------------------------+-------------+--------------+---------+-----------+------+--------------+---------------------------------------------------------------------+-------------+--------------+
; |SEC_FILTER                        ; 225 (0)             ; 449 (112)                 ; 0           ; 2            ; 0       ; 1         ; 39   ; 0            ; |SEC_FILTER                                                         ; SEC_FILTER  ; work         ;
;    |CONTROL:dut1|                  ; 12 (12)             ; 10 (10)                   ; 0           ; 0            ; 0       ; 0         ; 0    ; 0            ; |SEC_FILTER|CONTROL:dut1                                            ; CONTROL     ; work         ;
;    |MULT_ACC:multAcc|              ; 34 (34)             ; 34 (34)                   ; 0           ; 2            ; 0       ; 1         ; 0    ; 0            ; |SEC_FILTER|MULT_ACC:multAcc                                        ; MULT_ACC    ; work         ;
;       |lpm_mult:Mult0|             ; 0 (0)               ; 0 (0)                     ; 0           ; 2            ; 0       ; 1         ; 0    ; 0            ; |SEC_FILTER|MULT_ACC:multAcc|lpm_mult:Mult0                         ; lpm_mult    ; work         ;
;          |mult_86t:auto_generated| ; 0 (0)               ; 0 (0)                     ; 0           ; 2            ; 0       ; 1         ; 0    ; 0            ; |SEC_FILTER|MULT_ACC:multAcc|lpm_mult:Mult0|mult_86t:auto_generated ; mult_86t    ; work         ;
;    |REG_MUX:regMux|                ; 160 (160)           ; 277 (277)                 ; 0           ; 0            ; 0       ; 0         ; 0    ; 0            ; |SEC_FILTER|REG_MUX:regMux                                          ; REG_MUX     ; work         ;
;    |ROM:rom|                       ; 19 (19)             ; 16 (16)                   ; 0           ; 0            ; 0       ; 0         ; 0    ; 0            ; |SEC_FILTER|ROM:rom                                                 ; ROM         ; work         ;
+------------------------------------+---------------------+---------------------------+-------------+--------------+---------+-----------+------+--------------+---------------------------------------------------------------------+-------------+--------------+
Note: For table entries with two numbers listed, the numbers in parentheses indicate the number of resources of the given type used by the specific entity alone. The numbers listed outside of parentheses indicate the total resources of the given type used by the specific entity and all of its sub-entities in the hierarchy.


+-----------------------------------------------------+
; Analysis & Synthesis DSP Block Usage Summary        ;
+---------------------------------------+-------------+
; Statistic                             ; Number Used ;
+---------------------------------------+-------------+
; Simple Multipliers (9-bit)            ; 0           ;
; Simple Multipliers (18-bit)           ; 1           ;
; Embedded Multiplier Blocks            ; --          ;
; Embedded Multiplier 9-bit elements    ; 2           ;
; Signed Embedded Multipliers           ; 1           ;
; Unsigned Embedded Multipliers         ; 0           ;
; Mixed Sign Embedded Multipliers       ; 0           ;
; Variable Sign Embedded Multipliers    ; 0           ;
; Dedicated Input Shift Register Chains ; 0           ;
+---------------------------------------+-------------+
Note: number of Embedded Multiplier Blocks used is only available after a successful fit.


Encoding Type:  One-Hot
+------------------------------------------------------+
; State Machine - |SEC_FILTER|CONTROL:dut1|state       ;
+----------+----------+----------+----------+----------+
; Name     ; state.S3 ; state.S2 ; state.S1 ; state.S0 ;
+----------+----------+----------+----------+----------+
; state.S0 ; 0        ; 0        ; 0        ; 0        ;
; state.S1 ; 0        ; 0        ; 1        ; 1        ;
; state.S2 ; 0        ; 1        ; 0        ; 1        ;
; state.S3 ; 1        ; 0        ; 0        ; 1        ;
+----------+----------+----------+----------+----------+


+-----------------------------------------------------------------------+
; Registers Removed During Synthesis                                    ;
+----------------------------------------+------------------------------+
; Register name                          ; Reason for Removal           ;
+----------------------------------------+------------------------------+
; rst_Acc_reg                            ; Merged with ce_Acc_reg       ;
; rst_Acc_reg2                           ; Merged with ce_Acc_reg2      ;
; rst_Acc_reg3                           ; Merged with ce_Acc_reg3      ;
; ROM:rom|data[13,15]                    ; Merged with ROM:rom|data[17] ;
; data_reg[13,15]                        ; Merged with data_reg[17]     ;
; data_reg2[13,15]                       ; Merged with data_reg2[17]    ;
; CONTROL:dut1|state~3                   ; Lost fanout                  ;
; CONTROL:dut1|state~4                   ; Lost fanout                  ;
; Total Number of Removed Registers = 11 ;                              ;
+----------------------------------------+------------------------------+


+------------------------------------------------------+
; General Register Statistics                          ;
+----------------------------------------------+-------+
; Statistic                                    ; Value ;
+----------------------------------------------+-------+
; Total registers                              ; 449   ;
; Number of registers using Synchronous Clear  ; 53    ;
; Number of registers using Synchronous Load   ; 16    ;
; Number of registers using Asynchronous Clear ; 0     ;
; Number of registers using Asynchronous Load  ; 0     ;
; Number of registers using Clock Enable       ; 291   ;
; Number of registers using Preset             ; 0     ;
+----------------------------------------------+-------+


+------------------------------------------------------------------------------------------------------------------------------------------------+
; Multiplexer Restructuring Statistics (Restructuring Performed)                                                                                 ;
+--------------------+-----------+---------------+----------------------+------------------------+------------+----------------------------------+
; Multiplexer Inputs ; Bus Width ; Baseline Area ; Area if Restructured ; Saving if Restructured ; Registered ; Example Multiplexer Output       ;
+--------------------+-----------+---------------+----------------------+------------------------+------------+----------------------------------+
; 3:1                ; 5 bits    ; 10 LEs        ; 5 LEs                ; 5 LEs                  ; Yes        ; |SEC_FILTER|CONTROL:dut1|addr[4] ;
; 17:1               ; 16 bits   ; 176 LEs       ; 176 LEs              ; 0 LEs                  ; Yes        ; |SEC_FILTER|dout_mux_reg[15]     ;
+--------------------+-----------+---------------+----------------------+------------------------+------------+----------------------------------+


+----------------------------------------------------------------------------+
; Parameter Settings for User Entity Instance: Top-level Entity: |SEC_FILTER ;
+----------------+-------+---------------------------------------------------+
; Parameter Name ; Value ; Type                                              ;
+----------------+-------+---------------------------------------------------+
; Win            ; 16    ; Signed Integer                                    ;
; Wc             ; 18    ; Signed Integer                                    ;
; Num_coef       ; 17    ; Signed Integer                                    ;
+----------------+-------+---------------------------------------------------+
Note: In order to hide this table in the UI and the text report file, please set the "Show Parameter Settings in Synthesis Report" option in "Analysis and Synthesis Settings -> More Settings" to "Off".


+-----------------------------------------------------------+
; Parameter Settings for User Entity Instance: CONTROL:dut1 ;
+----------------+-------+----------------------------------+
; Parameter Name ; Value ; Type                             ;
+----------------+-------+----------------------------------+
; Num_coef       ; 17    ; Signed Integer                   ;
+----------------+-------+----------------------------------+
Note: In order to hide this table in the UI and the text report file, please set the "Show Parameter Settings in Synthesis Report" option in "Analysis and Synthesis Settings -> More Settings" to "Off".


+-------------------------------------------------------------+
; Parameter Settings for User Entity Instance: REG_MUX:regMux ;
+----------------+-------+------------------------------------+
; Parameter Name ; Value ; Type                               ;
+----------------+-------+------------------------------------+
; Win            ; 16    ; Signed Integer                     ;
; Num_coef       ; 17    ; Signed Integer                     ;
+----------------+-------+------------------------------------+
Note: In order to hide this table in the UI and the text report file, please set the "Show Parameter Settings in Synthesis Report" option in "Analysis and Synthesis Settings -> More Settings" to "Off".


+------------------------------------------------------+
; Parameter Settings for User Entity Instance: ROM:rom ;
+----------------+-------+-----------------------------+
; Parameter Name ; Value ; Type                        ;
+----------------+-------+-----------------------------+
; Wc             ; 18    ; Signed Integer              ;
; Num_coef       ; 17    ; Signed Integer              ;
+----------------+-------+-----------------------------+
Note: In order to hide this table in the UI and the text report file, please set the "Show Parameter Settings in Synthesis Report" option in "Analysis and Synthesis Settings -> More Settings" to "Off".


+---------------------------------------------------------------+
; Parameter Settings for User Entity Instance: MULT_ACC:multAcc ;
+----------------+-------+--------------------------------------+
; Parameter Name ; Value ; Type                                 ;
+----------------+-------+--------------------------------------+
; Win            ; 16    ; Signed Integer                       ;
; Wc             ; 18    ; Signed Integer                       ;
+----------------+-------+--------------------------------------+
Note: In order to hide this table in the UI and the text report file, please set the "Show Parameter Settings in Synthesis Report" option in "Analysis and Synthesis Settings -> More Settings" to "Off".


+-------------------------------------------------------------------------------------+
; Parameter Settings for Inferred Entity Instance: MULT_ACC:multAcc|lpm_mult:Mult0    ;
+------------------------------------------------+--------------+---------------------+
; Parameter Name                                 ; Value        ; Type                ;
+------------------------------------------------+--------------+---------------------+
; AUTO_CARRY_CHAINS                              ; ON           ; AUTO_CARRY          ;
; IGNORE_CARRY_BUFFERS                           ; OFF          ; IGNORE_CARRY        ;
; AUTO_CASCADE_CHAINS                            ; ON           ; AUTO_CASCADE        ;
; IGNORE_CASCADE_BUFFERS                         ; OFF          ; IGNORE_CASCADE      ;
; LPM_WIDTHA                                     ; 16           ; Untyped             ;
; LPM_WIDTHB                                     ; 18           ; Untyped             ;
; LPM_WIDTHP                                     ; 34           ; Untyped             ;
; LPM_WIDTHR                                     ; 34           ; Untyped             ;
; LPM_WIDTHS                                     ; 1            ; Untyped             ;
; LPM_REPRESENTATION                             ; SIGNED       ; Untyped             ;
; LPM_PIPELINE                                   ; 0            ; Untyped             ;
; LATENCY                                        ; 0            ; Untyped             ;
; INPUT_A_IS_CONSTANT                            ; NO           ; Untyped             ;
; INPUT_B_IS_CONSTANT                            ; NO           ; Untyped             ;
; USE_EAB                                        ; OFF          ; Untyped             ;
; MAXIMIZE_SPEED                                 ; 6            ; Untyped             ;
; DEVICE_FAMILY                                  ; Cyclone IV E ; Untyped             ;
; CARRY_CHAIN                                    ; MANUAL       ; Untyped             ;
; APEX20K_TECHNOLOGY_MAPPER                      ; LUT          ; TECH_MAPPER_APEX20K ;
; DEDICATED_MULTIPLIER_CIRCUITRY                 ; AUTO         ; Untyped             ;
; DEDICATED_MULTIPLIER_MIN_INPUT_WIDTH_FOR_AUTO  ; 0            ; Untyped             ;
; DEDICATED_MULTIPLIER_MIN_OUTPUT_WIDTH_FOR_AUTO ; 0            ; Untyped             ;
; CBXI_PARAMETER                                 ; mult_86t     ; Untyped             ;
; INPUT_A_FIXED_VALUE                            ; Bx           ; Untyped             ;
; INPUT_B_FIXED_VALUE                            ; Bx           ; Untyped             ;
; USE_AHDL_IMPLEMENTATION                        ; OFF          ; Untyped             ;
+------------------------------------------------+--------------+---------------------+
Note: In order to hide this table in the UI and the text report file, please set the "Show Parameter Settings in Synthesis Report" option in "Analysis and Synthesis Settings -> More Settings" to "Off".


+-------------------------------------------------------------------------+
; lpm_mult Parameter Settings by Entity Instance                          ;
+---------------------------------------+---------------------------------+
; Name                                  ; Value                           ;
+---------------------------------------+---------------------------------+
; Number of entity instances            ; 1                               ;
; Entity Instance                       ; MULT_ACC:multAcc|lpm_mult:Mult0 ;
;     -- LPM_WIDTHA                     ; 16                              ;
;     -- LPM_WIDTHB                     ; 18                              ;
;     -- LPM_WIDTHP                     ; 34                              ;
;     -- LPM_REPRESENTATION             ; SIGNED                          ;
;     -- INPUT_A_IS_CONSTANT            ; NO                              ;
;     -- INPUT_B_IS_CONSTANT            ; NO                              ;
;     -- USE_EAB                        ; OFF                             ;
;     -- DEDICATED_MULTIPLIER_CIRCUITRY ; AUTO                            ;
;     -- INPUT_A_FIXED_VALUE            ; Bx                              ;
;     -- INPUT_B_FIXED_VALUE            ; Bx                              ;
+---------------------------------------+---------------------------------+


+-----------------------------------------------------------------------------------------------------------------------+
; Port Connectivity Checks: "MULT_ACC:multAcc"                                                                          ;
+-------------+--------+----------+-------------------------------------------------------------------------------------+
; Port        ; Type   ; Severity ; Details                                                                             ;
+-------------+--------+----------+-------------------------------------------------------------------------------------+
; dout[14..0] ; Output ; Info     ; Connected to dangling logic. Logic that only feeds a dangling port will be removed. ;
+-------------+--------+----------+-------------------------------------------------------------------------------------+


+-----------------------------------------------------+
; Post-Synthesis Netlist Statistics for Top Partition ;
+-----------------------+-----------------------------+
; Type                  ; Count                       ;
+-----------------------+-----------------------------+
; boundary_port         ; 39                          ;
; cycloneiii_ff         ; 449                         ;
;     ENA               ; 291                         ;
;     SCLR              ; 53                          ;
;     SLD               ; 16                          ;
;     plain             ; 89                          ;
; cycloneiii_lcell_comb ; 225                         ;
;     arith             ; 37                          ;
;         2 data inputs ; 4                           ;
;         3 data inputs ; 33                          ;
;     normal            ; 188                         ;
;         1 data inputs ; 1                           ;
;         2 data inputs ; 1                           ;
;         3 data inputs ; 4                           ;
;         4 data inputs ; 182                         ;
; cycloneiii_mac_mult   ; 1                           ;
; cycloneiii_mac_out    ; 1                           ;
;                       ;                             ;
; Max LUT depth         ; 4.30                        ;
; Average LUT depth     ; 2.31                        ;
+-----------------------+-----------------------------+


+-------------------------------+
; Elapsed Time Per Partition    ;
+----------------+--------------+
; Partition Name ; Elapsed Time ;
+----------------+--------------+
; Top            ; 00:00:01     ;
+----------------+--------------+


+-------------------------------+
; Analysis & Synthesis Messages ;
+-------------------------------+
Info: *******************************************************************
Info: Running Quartus Prime Analysis & Synthesis
    Info: Version 17.1.0 Build 590 10/25/2017 SJ Lite Edition
    Info: Processing started: Wed May 11 11:35:39 2022
Info: Command: quartus_map --read_settings_files=on --write_settings_files=off SEC_FILTER -c SEC_FILTER
Warning (18236): Number of processors has not been specified which may cause overloading on shared machines.  Set the global assignment NUM_PARALLEL_PROCESSORS in your QSF to an appropriate value for best performance.
Info (20030): Parallel compilation is enabled and will use 2 of the 2 processors detected
Info (12021): Found 1 design units, including 1 entities, in source file sec_filter.v
    Info (12023): Found entity 1: SEC_FILTER File: C:/Users/Usuario/Desktop/Procesado_Digital_de_la_Senyal_en_FPGA/P4/E4_Quartus/SEC_FILTER.v Line: 1
Info (12021): Found 1 design units, including 1 entities, in source file rom.v
    Info (12023): Found entity 1: ROM File: C:/Users/Usuario/Desktop/Procesado_Digital_de_la_Senyal_en_FPGA/P4/E4_Quartus/ROM.v Line: 1
Info (12021): Found 1 design units, including 1 entities, in source file reg_mux.v
    Info (12023): Found entity 1: REG_MUX File: C:/Users/Usuario/Desktop/Procesado_Digital_de_la_Senyal_en_FPGA/P4/E4_Quartus/REG_MUX.v Line: 1
Info (12021): Found 1 design units, including 1 entities, in source file mult_acc.v
    Info (12023): Found entity 1: MULT_ACC File: C:/Users/Usuario/Desktop/Procesado_Digital_de_la_Senyal_en_FPGA/P4/E4_Quartus/MULT_ACC.v Line: 2
Info (12021): Found 1 design units, including 1 entities, in source file control.v
    Info (12023): Found entity 1: CONTROL File: C:/Users/Usuario/Desktop/Procesado_Digital_de_la_Senyal_en_FPGA/P4/E4_Quartus/CONTROL.v Line: 1
Info (12021): Found 1 design units, including 1 entities, in source file sec_filter_wrap.v
    Info (12023): Found entity 1: SEC_FILTER_wrap File: C:/Users/Usuario/Desktop/Procesado_Digital_de_la_Senyal_en_FPGA/P4/E4_Quartus/SEC_FILTER_wrap.v Line: 1
Warning (10222): Verilog HDL Parameter Declaration warning at CONTROL.v(18): Parameter Declaration in module "CONTROL" behaves as a Local Parameter Declaration because the module has a Module Parameter Port List File: C:/Users/Usuario/Desktop/Procesado_Digital_de_la_Senyal_en_FPGA/P4/E4_Quartus/CONTROL.v Line: 18
Info (12127): Elaborating entity "SEC_FILTER" for the top level hierarchy
Warning (10036): Verilog HDL or VHDL warning at SEC_FILTER.v(24): object "rst_reg" assigned a value but never read File: C:/Users/Usuario/Desktop/Procesado_Digital_de_la_Senyal_en_FPGA/P4/E4_Quartus/SEC_FILTER.v Line: 24
Info (12128): Elaborating entity "CONTROL" for hierarchy "CONTROL:dut1" File: C:/Users/Usuario/Desktop/Procesado_Digital_de_la_Senyal_en_FPGA/P4/E4_Quartus/SEC_FILTER.v Line: 33
Warning (10230): Verilog HDL assignment warning at CONTROL.v(27): truncated value with size 32 to match size of target (5) File: C:/Users/Usuario/Desktop/Procesado_Digital_de_la_Senyal_en_FPGA/P4/E4_Quartus/CONTROL.v Line: 27
Info (12128): Elaborating entity "REG_MUX" for hierarchy "REG_MUX:regMux" File: C:/Users/Usuario/Desktop/Procesado_Digital_de_la_Senyal_en_FPGA/P4/E4_Quartus/SEC_FILTER.v Line: 45
Info (12128): Elaborating entity "ROM" for hierarchy "ROM:rom" File: C:/Users/Usuario/Desktop/Procesado_Digital_de_la_Senyal_en_FPGA/P4/E4_Quartus/SEC_FILTER.v Line: 54
Warning (10030): Net "rom.data_a" at ROM.v(8) has no driver or initial value, using a default initial value '0' File: C:/Users/Usuario/Desktop/Procesado_Digital_de_la_Senyal_en_FPGA/P4/E4_Quartus/ROM.v Line: 8
Warning (10030): Net "rom.waddr_a" at ROM.v(8) has no driver or initial value, using a default initial value '0' File: C:/Users/Usuario/Desktop/Procesado_Digital_de_la_Senyal_en_FPGA/P4/E4_Quartus/ROM.v Line: 8
Warning (10030): Net "rom.we_a" at ROM.v(8) has no driver or initial value, using a default initial value '0' File: C:/Users/Usuario/Desktop/Procesado_Digital_de_la_Senyal_en_FPGA/P4/E4_Quartus/ROM.v Line: 8
Info (12128): Elaborating entity "MULT_ACC" for hierarchy "MULT_ACC:multAcc" File: C:/Users/Usuario/Desktop/Procesado_Digital_de_la_Senyal_en_FPGA/P4/E4_Quartus/SEC_FILTER.v Line: 62
Info (276014): Found 1 instances of uninferred RAM logic
    Info (276004): RAM logic "ROM:rom|rom" is uninferred due to inappropriate RAM size File: C:/Users/Usuario/Desktop/Procesado_Digital_de_la_Senyal_en_FPGA/P4/E4_Quartus/ROM.v Line: 8
Critical Warning (127005): Memory depth (32) in the design file differs from memory depth (17) in the Memory Initialization File "C:/Users/Usuario/Desktop/Procesado_Digital_de_la_Senyal_en_FPGA/P4/E4_Quartus/db/SEC_FILTER.ram0_ROM_8a37aa91.hdl.mif" -- setting initial value for remaining addresses to 0
Info (278001): Inferred 1 megafunctions from design logic
    Info (278003): Inferred multiplier megafunction ("lpm_mult") from the following logic: "MULT_ACC:multAcc|Mult0" File: C:/Users/Usuario/Desktop/Procesado_Digital_de_la_Senyal_en_FPGA/P4/E4_Quartus/MULT_ACC.v Line: 13
Info (12130): Elaborated megafunction instantiation "MULT_ACC:multAcc|lpm_mult:Mult0" File: C:/Users/Usuario/Desktop/Procesado_Digital_de_la_Senyal_en_FPGA/P4/E4_Quartus/MULT_ACC.v Line: 13
Info (12133): Instantiated megafunction "MULT_ACC:multAcc|lpm_mult:Mult0" with the following parameter: File: C:/Users/Usuario/Desktop/Procesado_Digital_de_la_Senyal_en_FPGA/P4/E4_Quartus/MULT_ACC.v Line: 13
    Info (12134): Parameter "LPM_WIDTHA" = "16"
    Info (12134): Parameter "LPM_WIDTHB" = "18"
    Info (12134): Parameter "LPM_WIDTHP" = "34"
    Info (12134): Parameter "LPM_WIDTHR" = "34"
    Info (12134): Parameter "LPM_WIDTHS" = "1"
    Info (12134): Parameter "LPM_REPRESENTATION" = "SIGNED"
    Info (12134): Parameter "INPUT_A_IS_CONSTANT" = "NO"
    Info (12134): Parameter "INPUT_B_IS_CONSTANT" = "NO"
    Info (12134): Parameter "MAXIMIZE_SPEED" = "6"
Info (12021): Found 1 design units, including 1 entities, in source file db/mult_86t.tdf
    Info (12023): Found entity 1: mult_86t File: C:/Users/Usuario/Desktop/Procesado_Digital_de_la_Senyal_en_FPGA/P4/E4_Quartus/db/mult_86t.tdf Line: 28
Info (286030): Timing-Driven Synthesis is running
Info (17049): 2 registers lost all their fanouts during netlist optimizations.
Info (16010): Generating hard_block partition "hard_block:auto_generated_inst"
    Info (16011): Adding 0 node(s), including 0 DDIO, 0 PLL, 0 transceiver and 0 LCELL
Info (21057): Implemented 639 device resources after synthesis - the final resource count might be different
    Info (21058): Implemented 19 input pins
    Info (21059): Implemented 20 output pins
    Info (21061): Implemented 598 logic cells
    Info (21062): Implemented 2 DSP elements
Info: Quartus Prime Analysis & Synthesis was successful. 0 errors, 9 warnings
    Info: Peak virtual memory: 4752 megabytes
    Info: Processing ended: Wed May 11 11:35:59 2022
    Info: Elapsed time: 00:00:20
    Info: Total CPU time (on all processors): 00:00:39


